Starting a Gradle Daemon, 4 incompatible and 3 stopped Daemons could not be reused, use --status for details

> Configure project :
MixinGradle is skipping eclipse integration, extension not found
Neither the 'eclipse' nor the 'idea' plugins were found, but IDE resource copy has been enabled.

> Task :downloadMcpConfig
> Task :extractSrg UP-TO-DATE
> Task :createMcpToSrg UP-TO-DATE

> Task :compileJava
Note: SpongePowered MIXIN Annotation Processor Version=0.8.5 (MixinGradle Version=0.7.38)
Note: Supported obfuscation types: ObfuscationServiceMCP supports [notch] ObfuscationServiceFG3 supports [searge]
C:\Users\user\Documents\TacZ_Roguelike_Workspace\tac_rogue_mod\src\main\java\com\levanilla\rogue\mixin\MixinTickAnimationEvent.java:8: warning: Mixin target com.tacz.guns.client.event.TickAnimationEvent is public and should be specified in value
@org.spongepowered.asm.mixin.Mixin(targets = "com.tacz.guns.client.event.TickAnimationEvent", remap = false)
^
Note: Loading searge mappings from C:\Users\user\Documents\TacZ_Roguelike_Workspace\tac_rogue_mod\build\createMcpToSrg\output.tsrg
C:\Users\user\Documents\TacZ_Roguelike_Workspace\tac_rogue_mod\src\main\java\com\levanilla\rogue\mixin\MixinClientLevel.java:20: warning: Unable to determine descriptor for @Inject target method
    @Inject(method = "getRawBrightness", at = @At("RETURN"), cancellable = true)
    ^
Note: Writing refmap to C:\Users\user\Documents\TacZ_Roguelike_Workspace\tac_rogue_mod\build\tmp\compileJava\compileJava-refmap.json
Note: Writing refmap to C:\Users\user\Documents\TacZ_Roguelike_Workspace\tac_rogue_mod\build\tmp\compileJava\compileJava-refmap.json
Note: Writing searge composite mappings to C:\Users\user\Documents\TacZ_Roguelike_Workspace\tac_rogue_mod\build\tmp\compileJava\compileJava-mappings.tsrg
Note: Writing refmap to C:\Users\user\Documents\TacZ_Roguelike_Workspace\tac_rogue_mod\build\tmp\compileJava\compileJava-refmap.json
Note: Writing refmap to C:\Users\user\Documents\TacZ_Roguelike_Workspace\tac_rogue_mod\build\tmp\compileJava\compileJava-refmap.json
Note: Writing searge composite mappings to C:\Users\user\Documents\TacZ_Roguelike_Workspace\tac_rogue_mod\build\tmp\compileJava\compileJava-mappings.tsrg
C:\Users\user\Documents\TacZ_Roguelike_Workspace\tac_rogue_mod\src\main\java\com\levanilla\rogue\client\RogueInventoryScreen.java:266: error: cannot find symbol
            if (mouseX >= panelLeft + 4 && mouseX <= panelRight - 4 && mouseY >= qy && mouseY < qy + lineH - 2) {
                ^
  symbol:   variable mouseX
  location: class RogueInventoryScreen
C:\Users\user\Documents\TacZ_Roguelike_Workspace\tac_rogue_mod\src\main\java\com\levanilla\rogue\client\RogueInventoryScreen.java:266: error: cannot find symbol
            if (mouseX >= panelLeft + 4 && mouseX <= panelRight - 4 && mouseY >= qy && mouseY < qy + lineH - 2) {
                                           ^
  symbol:   variable mouseX
  location: class RogueInventoryScreen
C:\Users\user\Documents\TacZ_Roguelike_Workspace\tac_rogue_mod\src\main\java\com\levanilla\rogue\client\RogueInventoryScreen.java:266: error: cannot find symbol
            if (mouseX >= panelLeft + 4 && mouseX <= panelRight - 4 && mouseY >= qy && mouseY < qy + lineH - 2) {
                                                                       ^
  symbol:   variable mouseY
  location: class RogueInventoryScreen
C:\Users\user\Documents\TacZ_Roguelike_Workspace\tac_rogue_mod\src\main\java\com\levanilla\rogue\client\RogueInventoryScreen.java:266: error: cannot find symbol
            if (mouseX >= panelLeft + 4 && mouseX <= panelRight - 4 && mouseY >= qy && mouseY < qy + lineH - 2) {
                                                                                       ^
  symbol:   variable mouseY
  location: class RogueInventoryScreen
C:\Users\user\Documents\TacZ_Roguelike_Workspace\tac_rogue_mod\src\main\java\com\levanilla\rogue\core\CommonEventHandler.java:20: warning: [removal] ResourceLocation(String,String) in ResourceLocation has been deprecated and marked for removal
        Registries.DIMENSION, new ResourceLocation("tac_rogue", "lobby_dimension"));
                              ^
C:\Users\user\Documents\TacZ_Roguelike_Workspace\tac_rogue_mod\src\main\java\com\levanilla\rogue\core\CommonEventHandler.java:23: warning: [removal] ResourceLocation(String,String) in ResourceLocation has been deprecated and marked for removal
        Registries.DIMENSION, new ResourceLocation("tac_rogue", "rogue_dimension"));
                              ^
C:\Users\user\Documents\TacZ_Roguelike_Workspace\tac_rogue_mod\src\main\java\com\levanilla\rogue\core\event\PlayerTickHandler.java:472: warning: [removal] ResourceLocation(String) in ResourceLocation has been deprecated and marked for removal
            net.minecraft.resources.ResourceLocation gunId = new net.minecraft.resources.ResourceLocation(gunIdStr);
                                                             ^
C:\Users\user\Documents\TacZ_Roguelike_Workspace\tac_rogue_mod\src\main\java\com\levanilla\rogue\core\event\PlayerTickHandler.java:502: warning: [removal] ResourceLocation(String) in ResourceLocation has been deprecated and marked for removal
            net.minecraft.resources.ResourceLocation gunId = new net.minecraft.resources.ResourceLocation(gunIdStr);
                                                             ^
C:\Users\user\Documents\TacZ_Roguelike_Workspace\tac_rogue_mod\src\main\java\com\levanilla\rogue\core\event\SpawnAndWorldHandler.java:98: warning: [removal] setCanceled(boolean) in ProjectileImpactEvent has been deprecated and marked for removal
                    event.setCanceled(true);
                         ^
C:\Users\user\Documents\TacZ_Roguelike_Workspace\tac_rogue_mod\src\main\java\com\levanilla\rogue\core\RunManager.java:97: warning: [dep-ann] deprecated item is not annotated with @Deprecated
    public static void setRunActive(boolean v) {
                       ^
C:\Users\user\Documents\TacZ_Roguelike_Workspace\tac_rogue_mod\src\main\java\com\levanilla\rogue\core\RunManager.java:103: warning: [dep-ann] deprecated item is not annotated with @Deprecated
    public static void setFloorCleared(boolean v) {
                       ^
C:\Users\user\Documents\TacZ_Roguelike_Workspace\tac_rogue_mod\src\main\java\com\levanilla\rogue\core\RunManager.java:108: warning: [dep-ann] deprecated item is not annotated with @Deprecated
    public static long getRunSeed() {
                       ^
C:\Users\user\Documents\TacZ_Roguelike_Workspace\tac_rogue_mod\src\main\java\com\levanilla\rogue\core\RunManager.java:141: warning: [dep-ann] deprecated item is not annotated with @Deprecated
    public static void startRun() {
                       ^
C:\Users\user\Documents\TacZ_Roguelike_Workspace\tac_rogue_mod\src\main\java\com\levanilla\rogue\core\RunManager.java:264: warning: [dep-ann] deprecated item is not annotated with @Deprecated
    public static void sync() {
                       ^
C:\Users\user\Documents\TacZ_Roguelike_Workspace\tac_rogue_mod\src\main\java\com\levanilla\rogue\core\registry\AttachmentDatabase.java:341: warning: [removal] ResourceLocation(String) in ResourceLocation has been deprecated and marked for removal
            net.minecraft.resources.ResourceLocation gLoc = new net.minecraft.resources.ResourceLocation(gunId);
                                                            ^
C:\Users\user\Documents\TacZ_Roguelike_Workspace\tac_rogue_mod\src\main\java\com\levanilla\rogue\core\registry\AttachmentDatabase.java:342: warning: [removal] ResourceLocation(String) in ResourceLocation has been deprecated and marked for removal
            net.minecraft.resources.ResourceLocation aLoc = new net.minecraft.resources.ResourceLocation(attachId);
                                                            ^
C:\Users\user\Documents\TacZ_Roguelike_Workspace\tac_rogue_mod\src\main\java\com\levanilla\rogue\core\service\GearService.java:100: warning: [removal] ResourceLocation(String,String) in ResourceLocation has been deprecated and marked for removal
                new ResourceLocation("tacz", "modern_kinetic_gun"));
                ^
C:\Users\user\Documents\TacZ_Roguelike_Workspace\tac_rogue_mod\src\main\java\com\levanilla\rogue\core\service\GearService.java:143: warning: [removal] ResourceLocation(String,String) in ResourceLocation has been deprecated and marked for removal
                new ResourceLocation("tacz", "ammo"));
                ^
C:\Users\user\Documents\TacZ_Roguelike_Workspace\tac_rogue_mod\src\main\java\com\levanilla\rogue\core\service\GearService.java:171: warning: [removal] ResourceLocation(String,String) in ResourceLocation has been deprecated and marked for removal
                new ResourceLocation("lrtactical", "melee"));
                ^
C:\Users\user\Documents\TacZ_Roguelike_Workspace\tac_rogue_mod\src\main\java\com\levanilla\rogue\core\service\ShopService.java:192: warning: [removal] ResourceLocation(String,String) in ResourceLocation has been deprecated and marked for removal
            new ResourceLocation("lrtactical", "melee"));
            ^
C:\Users\user\Documents\TacZ_Roguelike_Workspace\tac_rogue_mod\src\main\java\com\levanilla\rogue\core\service\ShopService.java:202: warning: [removal] ResourceLocation(String,String) in ResourceLocation has been deprecated and marked for removal
            new ResourceLocation("tacz", "modern_kinetic_gun"));
            ^
C:\Users\user\Documents\TacZ_Roguelike_Workspace\tac_rogue_mod\src\main\java\com\levanilla\rogue\core\service\ShopService.java:215: warning: [removal] ResourceLocation(String,String) in ResourceLocation has been deprecated and marked for removal
            new ResourceLocation("tacz", "attachment"));
            ^
C:\Users\user\Documents\TacZ_Roguelike_Workspace\tac_rogue_mod\src\main\java\com\levanilla\rogue\core\service\ShopService.java:228: warning: [removal] ResourceLocation(String,String) in ResourceLocation has been deprecated and marked for removal
            new ResourceLocation("tacz", "ammo"));
            ^
C:\Users\user\Documents\TacZ_Roguelike_Workspace\tac_rogue_mod\src\main\java\com\levanilla\rogue\core\service\ShopService.java:242: warning: [removal] ResourceLocation(String,String) in ResourceLocation has been deprecated and marked for removal
            new ResourceLocation("tacz", "modern_kinetic_gun"));
            ^
C:\Users\user\Documents\TacZ_Roguelike_Workspace\tac_rogue_mod\src\main\java\com\levanilla\rogue\mixin\MixinTitleScreen.java:23: warning: [removal] ResourceLocation(String,String) in ResourceLocation has been deprecated and marked for removal
        new ResourceLocation("tac_rogue", "textures/gui/title_logo.png");
        ^
C:\Users\user\Documents\TacZ_Roguelike_Workspace\tac_rogue_mod\src\main\java\com\levanilla\rogue\networking\TacRogueNetworking.java:18: warning: [removal] ResourceLocation(String,String) in ResourceLocation has been deprecated and marked for removal
            new ResourceLocation("tac_rogue", "main"),
            ^
C:\Users\user\Documents\TacZ_Roguelike_Workspace\tac_rogue_mod\src\main\java\com\levanilla\rogue\TacRogue.java:14: warning: [removal] get() in FMLJavaModLoadingContext has been deprecated and marked for removal
        IEventBus modEventBus = FMLJavaModLoadingContext.get().getModEventBus();
                                                        ^
Note: Some input files use or override a deprecated API.
Note: Recompile with -Xlint:deprecation for details.
4 errors
25 warnings

> Task :compileJava FAILED

FAILURE: Build failed with an exception.

* What went wrong:
Execution failed for task ':compileJava'.
> Compilation failed; see the compiler error output for details.

* Try:
> Run with --info option to get more log output.
> Run with --scan to get full insights.

Deprecated Gradle features were used in this build, making it incompatible with Gradle 9.0.

You can use '--warning-mode all' to show the individual deprecation warnings and determine if they come from your own scripts or plugins.

For more on this, please refer to https://docs.gradle.org/8.8/userguide/command_line_interface.html#sec:command_line_warnings in the Gradle documentation.

BUILD FAILED in 18s
4 actionable tasks: 2 executed, 2 up-to-date
